// Jest Snapshot v1, https://goo.gl/fbAQLP

exports[`Switch should match snapshot 1`] = `
<button
  aria-checked="false"
  class="ant-switch"
  role="switch"
  type="button"
>
  <div
    class="ant-switch-handle"
  />
  <span
    class="ant-switch-inner"
  />
</button>
`;
